Archive member included because of file (symbol)

/usr/local/lpcxpresso_8.0.0_526/lpcxpresso/tools/bin/../lib/gcc/arm-none-eabi/4.9.3/armv7e-m/softfp/libgcc.a(_aeabi_uldivmod.o)
                              ./src/i2s_18xx_43xx.o (__aeabi_uldivmod)
/usr/local/lpcxpresso_8.0.0_526/lpcxpresso/tools/bin/../lib/gcc/arm-none-eabi/4.9.3/armv7e-m/softfp/libgcc.a(bpabi.o)
                              /usr/local/lpcxpresso_8.0.0_526/lpcxpresso/tools/bin/../lib/gcc/arm-none-eabi/4.9.3/armv7e-m/softfp/libgcc.a(_aeabi_uldivmod.o) (__gnu_uldivmod_helper)
/usr/local/lpcxpresso_8.0.0_526/lpcxpresso/tools/bin/../lib/gcc/arm-none-eabi/4.9.3/armv7e-m/softfp/libgcc.a(_dvmd_tls.o)
                              /usr/local/lpcxpresso_8.0.0_526/lpcxpresso/tools/bin/../lib/gcc/arm-none-eabi/4.9.3/armv7e-m/softfp/libgcc.a(_aeabi_uldivmod.o) (__aeabi_ldiv0)
/usr/local/lpcxpresso_8.0.0_526/lpcxpresso/tools/bin/../lib/gcc/arm-none-eabi/4.9.3/armv7e-m/softfp/libgcc.a(_divdi3.o)
                              /usr/local/lpcxpresso_8.0.0_526/lpcxpresso/tools/bin/../lib/gcc/arm-none-eabi/4.9.3/armv7e-m/softfp/libgcc.a(bpabi.o) (__divdi3)
/usr/local/lpcxpresso_8.0.0_526/lpcxpresso/tools/bin/../lib/gcc/arm-none-eabi/4.9.3/armv7e-m/softfp/libgcc.a(_udivdi3.o)
                              /usr/local/lpcxpresso_8.0.0_526/lpcxpresso/tools/bin/../lib/gcc/arm-none-eabi/4.9.3/armv7e-m/softfp/libgcc.a(bpabi.o) (__udivdi3)
/usr/local/lpcxpresso_8.0.0_526/lpcxpresso/tools/bin/../lib/gcc/arm-none-eabi/4.9.3/../../../../arm-none-eabi/lib/armv7e-m/softfp/libc.a(lib_a-init.o)
                              ./src/cr_startup_lpc43xx.o (__libc_init_array)
/usr/local/lpcxpresso_8.0.0_526/lpcxpresso/tools/bin/../lib/gcc/arm-none-eabi/4.9.3/../../../../arm-none-eabi/lib/armv7e-m/softfp/libc.a(lib_a-malloc.o)
                              ./src/cr_cpp_config.o (malloc)
/usr/local/lpcxpresso_8.0.0_526/lpcxpresso/tools/bin/../lib/gcc/arm-none-eabi/4.9.3/../../../../arm-none-eabi/lib/armv7e-m/softfp/libc.a(lib_a-mallocr.o)
                              /usr/local/lpcxpresso_8.0.0_526/lpcxpresso/tools/bin/../lib/gcc/arm-none-eabi/4.9.3/../../../../arm-none-eabi/lib/armv7e-m/softfp/libc.a(lib_a-malloc.o) (_malloc_r)
/usr/local/lpcxpresso_8.0.0_526/lpcxpresso/tools/bin/../lib/gcc/arm-none-eabi/4.9.3/../../../../arm-none-eabi/lib/armv7e-m/softfp/libc.a(lib_a-memcpy.o)
                              ./src/ring_buffer.o (memcpy)
/usr/local/lpcxpresso_8.0.0_526/lpcxpresso/tools/bin/../lib/gcc/arm-none-eabi/4.9.3/../../../../arm-none-eabi/lib/armv7e-m/softfp/libc.a(lib_a-memset.o)
                              ./src/clock_18xx_43xx.o (memset)
/usr/local/lpcxpresso_8.0.0_526/lpcxpresso/tools/bin/../lib/gcc/arm-none-eabi/4.9.3/../../../../arm-none-eabi/lib/armv7e-m/softfp/libc.a(lib_a-mlock.o)
                              /usr/local/lpcxpresso_8.0.0_526/lpcxpresso/tools/bin/../lib/gcc/arm-none-eabi/4.9.3/../../../../arm-none-eabi/lib/armv7e-m/softfp/libc.a(lib_a-mallocr.o) (__malloc_lock)
/usr/local/lpcxpresso_8.0.0_526/lpcxpresso/tools/bin/../lib/gcc/arm-none-eabi/4.9.3/../../../../arm-none-eabi/lib/armv7e-m/softfp/libc.a(lib_a-sbrkr.o)
                              /usr/local/lpcxpresso_8.0.0_526/lpcxpresso/tools/bin/../lib/gcc/arm-none-eabi/4.9.3/../../../../arm-none-eabi/lib/armv7e-m/softfp/libc.a(lib_a-mallocr.o) (_sbrk_r)
/usr/local/lpcxpresso_8.0.0_526/lpcxpresso/tools/bin/../lib/gcc/arm-none-eabi/4.9.3/../../../../arm-none-eabi/lib/armv7e-m/softfp/libc.a(lib_a-freer.o)
                              /usr/local/lpcxpresso_8.0.0_526/lpcxpresso/tools/bin/../lib/gcc/arm-none-eabi/4.9.3/../../../../arm-none-eabi/lib/armv7e-m/softfp/libc.a(lib_a-malloc.o) (_free_r)
/usr/local/lpcxpresso_8.0.0_526/lpcxpresso/tools/bin/../lib/gcc/arm-none-eabi/4.9.3/../../../../arm-none-eabi/lib/armv7e-m/softfp/libc.a(lib_a-impure.o)
                              /usr/local/lpcxpresso_8.0.0_526/lpcxpresso/tools/bin/../lib/gcc/arm-none-eabi/4.9.3/../../../../arm-none-eabi/lib/armv7e-m/softfp/libc.a(lib_a-malloc.o) (_impure_ptr)
/usr/local/lpcxpresso_8.0.0_526/lpcxpresso/tools/bin/../lib/gcc/arm-none-eabi/4.9.3/../../../../arm-none-eabi/lib/armv7e-m/softfp/libc.a(lib_a-reent.o)
                              /usr/local/lpcxpresso_8.0.0_526/lpcxpresso/tools/bin/../lib/gcc/arm-none-eabi/4.9.3/../../../../arm-none-eabi/lib/armv7e-m/softfp/libc.a(lib_a-sbrkr.o) (errno)
/usr/local/lpcxpresso_8.0.0_526/lpcxpresso/tools/bin/../lib/gcc/arm-none-eabi/4.9.3/../../../../arm-none-eabi/lib/armv7e-m/softfp/libcr_newlib_nohost.a(_cr_sbrk.o)
                              /usr/local/lpcxpresso_8.0.0_526/lpcxpresso/tools/bin/../lib/gcc/arm-none-eabi/4.9.3/../../../../arm-none-eabi/lib/armv7e-m/softfp/libc.a(lib_a-sbrkr.o) (_sbrk)
/usr/local/lpcxpresso_8.0.0_526/lpcxpresso/tools/bin/../lib/gcc/arm-none-eabi/4.9.3/../../../../arm-none-eabi/lib/armv7e-m/softfp/libcr_newlib_nohost.a(_cr_check_heap.o)
[...]
Memory Configuration

Name             Origin             Length             Attributes
MFlashA512       0x1a000000         0x00080000         xr
MFlashB512       0x1b000000         0x00080000         xr
RamLoc32         0x10000000         0x00008000         xrw
RamLoc40         0x10080000         0x0000a000         xrw
RamAHB32         0x20000000         0x00008000         xrw
RamAHB16         0x20008000         0x00004000         xrw
RamAHB_ETB16     0x2000c000         0x00004000         xrw
*default*        0x00000000         0xffffffff

Linker script and memory map

LOAD ./src/adc_18xx_43xx.o
LOAD ./src/aes_18xx_43xx.o
LOAD ./src/atimer_18xx_43xx.o
LOAD ./src/ccan_18xx_43xx.o
LOAD ./src/chip_18xx_43xx.o
LOAD ./src/clock_18xx_43xx.o
LOAD ./src/configuraciones.o
LOAD ./src/cr_cpp_config.o
LOAD ./src/cr_start_m0.o
LOAD ./src/cr_startup_lpc43xx.o
LOAD ./src/crp.o
LOAD ./src/dac_18xx_43xx.o
LOAD ./src/eeprom_18xx_43xx.o
LOAD ./src/emc_18xx_43xx.o
LOAD ./src/enet_18xx_43xx.o
LOAD ./src/evrt_18xx_43xx.o
LOAD ./src/fpu_init.o
LOAD ./src/gpdma_18xx_43xx.o
LOAD ./src/gpio_18xx_43xx.o
LOAD ./src/gpiogroup_18xx_43xx.o
LOAD ./src/hsadc_18xx_43xx.o
LOAD ./src/i2c_18xx_43xx.o
LOAD ./src/i2cm_18xx_43xx.o
LOAD ./src/i2s_18xx_43xx.o
LOAD ./src/iap_18xx_43xx.o
LOAD ./src/interrupciones.o
LOAD ./src/lcd_18xx_43xx.o
LOAD ./src/mis_funciones.o
LOAD ./src/otp_18xx_43xx.o
LOAD ./src/pinint_18xx_43xx.o
LOAD ./src/pmc_18xx_43xx.o
LOAD ./src/prueba2.o
LOAD ./src/ring_buffer.o
LOAD ./src/ritimer_18xx_43xx.o
LOAD ./src/rtc_18xx_43xx.o
LOAD ./src/sct_18xx_43xx.o
LOAD ./src/sct_pwm_18xx_43xx.o
LOAD ./src/sdif_18xx_43xx.o
LOAD ./src/sdio_18xx_43xx.o
LOAD ./src/sdmmc_18xx_43xx.o
LOAD ./src/spi_18xx_43xx.o
LOAD ./src/ssp_18xx_43xx.o
LOAD ./src/stopwatch_18xx_43xx.o
LOAD ./src/sysinit.o
LOAD ./src/sysinit_18xx_43xx.o
LOAD ./src/timer_18xx_43xx.o
LOAD ./src/uart_18xx_43xx.o
LOAD ./src/wwdt_18xx_43xx.o
START GROUP
LOAD /usr/local/lpcxpresso_8.0.0_526/lpcxpresso/tools/bin/../lib/gcc/arm-none-eabi/4.9.3/armv7e-m/softfp/libgcc.a
LOAD /usr/local/lpcxpresso_8.0.0_526/lpcxpresso/tools/bin/../lib/gcc/arm-none-eabi/4.9.3/../../../../arm-none-eabi/lib/armv7e-m/softfp/libc.a
LOAD /usr/local/lpcxpresso_8.0.0_526/lpcxpresso/tools/bin/../lib/gcc/arm-none-eabi/4.9.3/../../../../arm-none-eabi/lib/armv7e-m/softfp/libstdc++.a
LOAD /usr/local/lpcxpresso_8.0.0_526/lpcxpresso/tools/bin/../lib/gcc/arm-none-eabi/4.9.3/../../../../arm-none-eabi/lib/armv7e-m/softfp/libm.a
LOAD /usr/local/lpcxpresso_8.0.0_526/lpcxpresso/tools/bin/../lib/gcc/arm-none-eabi/4.9.3/../../../../arm-none-eabi/lib/armv7e-m/softfp/libcr_newlib_nohost.a
LOAD /usr/local/lpcxpresso_8.0.0_526/lpcxpresso/tools/bin/../lib/gcc/arm-none-eabi/4.9.3/armv7e-m/softfp/crti.o
LOAD /usr/local/lpcxpresso_8.0.0_526/lpcxpresso/tools/bin/../lib/gcc/arm-none-eabi/4.9.3/armv7e-m/softfp/crtn.o
LOAD /usr/local/lpcxpresso_8.0.0_526/lpcxpresso/tools/bin/../lib/gcc/arm-none-eabi/4.9.3/armv7e-m/softfp/crtbegin.o
LOAD /usr/local/lpcxpresso_8.0.0_526/lpcxpresso/tools/bin/../lib/gcc/arm-none-eabi/4.9.3/armv7e-m/softfp/crtend.o
END GROUP
                0x1a000000                __base_MFlashA512 = 0x1a000000
                0x1a000000                __base_Flash = 0x1a000000
                0x1a080000                __top_MFlashA512 = 0x1a080000
                0x1a080000                __top_Flash = 0x1a080000
                0x1b000000                __base_MFlashB512 = 0x1b000000
                0x1b000000                __base_Flash2 = 0x1b000000
                0x1b080000                __top_MFlashB512 = 0x1b080000
                0x1b080000                __top_Flash2 = 0x1b080000
                0x10000000                __base_RamLoc32 = 0x10000000
                0x10000000                __base_RAM = 0x10000000
                0x10008000                __top_RamLoc32 = 0x10008000
                0x10008000                __top_RAM = 0x10008000
                0x10080000                __base_RamLoc40 = 0x10080000
                0x10080000                __base_RAM2 = 0x10080000
                0x1008a000                __top_RamLoc40 = 0x1008a000
                0x1008a000                __top_RAM2 = 0x1008a000
                0x20000000                __base_RamAHB32 = 0x20000000
                0x20000000                __base_RAM3 = 0x20000000
                0x20008000                __top_RamAHB32 = 0x20008000
                0x20008000                __top_RAM3 = 0x20008000
                0x20008000                __base_RamAHB16 = 0x20008000
                0x20008000                __base_RAM4 = 0x20008000
                0x2000c000                __top_RamAHB16 = 0x2000c000
                0x2000c000                __top_RAM4 = 0x2000c000
                0x2000c000                __base_RamAHB_ETB16 = 0x2000c000
                0x2000c000                __base_RAM5 = 0x2000c000
                0x20010000                __top_RamAHB_ETB16 = 0x20010000
                0x20010000                __top_RAM5 = 0x20010000

.text_Flash2    0x1b000000        0x0
 FILL mask 0xff
 *(.text_Flash2*)
 *(.text_MFlashB512*)
 *(.text.$Flash2*)
 *(.text.$MFlashB512*)
 *(.rodata.$Flash2*)
 *(.rodata.$MFlashB512*)

.text           0x1a000000     0x10e8
 FILL mask 0xff
                0x1a000000                __vectors_start__ = ABSOLUTE (.)
 *(.isr_vector)
 .isr_vector    0x1a000000      0x114 ./src/cr_startup_lpc43xx.o
                0x1a000000                g_pfnVectors
                0x1a000114                . = ALIGN (0x4)
                0x1a000114                __section_table_start = .
                0x1a000114                __data_section_table = .
                0x1a000114        0x4 LONG 0x1a0010e8 LOADADDR (.data)
                0x1a000118        0x4 LONG 0x10000000 ADDR (.data)
                0x1a00011c        0x4 LONG 0x0 SIZEOF (.data)
                0x1a000120        0x4 LONG 0x1a0010e8 LOADADDR (.data_RAM2)
                0x1a000124        0x4 LONG 0x10080000 ADDR (.data_RAM2)
                0x1a000128        0x4 LONG 0x0 SIZEOF (.data_RAM2)
                0x1a00012c        0x4 LONG 0x1a0010e8 LOADADDR (.data_RAM3)
                0x1a000130        0x4 LONG 0x20000000 ADDR (.data_RAM3)
                0x1a000134        0x4 LONG 0x0 SIZEOF (.data_RAM3)
                0x1a000138        0x4 LONG 0x1a0010e8 LOADADDR (.data_RAM4)
                0x1a00013c        0x4 LONG 0x20008000 ADDR (.data_RAM4)
                0x1a000140        0x4 LONG 0x0 SIZEOF (.data_RAM4)
                0x1a000144        0x4 LONG 0x1a0010e8 LOADADDR (.data_RAM5)
                0x1a000148        0x4 LONG 0x2000c000 ADDR (.data_RAM5)
                0x1a00014c        0x4 LONG 0x0 SIZEOF (.data_RAM5)
                0x1a000150                __data_section_table_end = .
                0x1a000150                __bss_section_table = .
                0x1a000150        0x4 LONG 0x10000000 ADDR (.bss)
                0x1a000154        0x4 LONG 0x28 SIZEOF (.bss)
                0x1a000158        0x4 LONG 0x10080000 ADDR (.bss_RAM2)
                0x1a00015c        0x4 LONG 0x0 SIZEOF (.bss_RAM2)
                0x1a000160        0x4 LONG 0x20000000 ADDR (.bss_RAM3)
                0x1a000164        0x4 LONG 0x0 SIZEOF (.bss_RAM3)
                0x1a000168        0x4 LONG 0x20008000 ADDR (.bss_RAM4)
                0x1a00016c        0x4 LONG 0x0 SIZEOF (.bss_RAM4)
                0x1a000170        0x4 LONG 0x2000c000 ADDR (.bss_RAM5)
                0x1a000174        0x4 LONG 0x0 SIZEOF (.bss_RAM5)
                0x1a000178                __bss_section_table_end = .
                0x1a000178                __section_table_end = .
 *(.after_vectors*)
 .after_vectors
                0x1a000178       0xcc ./src/cr_startup_lpc43xx.o
                0x1a000178                data_init(unsigned int, unsigned int, unsigned int)
                0x1a0001bc                bss_init(unsigned int, unsigned int)
                0x1a0001f4                NMI_Handler
                0x1a0001fc                HardFault_Handler
                0x1a000204                MemManage_Handler
                0x1a00020c                BusFault_Handler
                0x1a000214                UsageFault_Handler
                0x1a00021c                SVC_Handler
                0x1a000224                DebugMon_Handler
                0x1a00022c                PendSV_Handler
                0x1a000234                SysTick_Handler
                0x1a00023c                TIMER2_IRQHandler
                0x1a00023c                RIT_IRQHandler
                0x1a00023c                FLASH_EEPROM_IRQHandler
                0x1a00023c                I2C0_IRQHandler
                0x1a00023c                SDIO_IRQHandler
                0x1a00023c                ATIMER_IRQHandler
                0x1a00023c                I2C1_IRQHandler
                0x1a00023c                UART1_IRQHandler
                0x1a00023c                GPIO5_IRQHandler
                0x1a00023c                CAN1_IRQHandler
                0x1a00023c                USB1_IRQHandler
                0x1a00023c                I2S0_IRQHandler
                0x1a00023c                TIMER3_IRQHandler
                0x1a00023c                UART0_IRQHandler
                0x1a00023c                SGPIO_IRQHandler
                0x1a00023c                ADC0_IRQHandler
                0x1a00023c                GPIO6_IRQHandler
                0x1a00023c                IntDefaultHandler
                0x1a00023c                GPIO1_IRQHandler
                0x1a00023c                SSP0_IRQHandler
                0x1a00023c                ADC1_IRQHandler
                0x1a00023c                RTC_IRQHandler
                0x1a00023c                TIMER0_IRQHandler
                0x1a00023c                SPI_IRQHandler
                0x1a00023c                LCD_IRQHandler
                0x1a00023c                VADC_IRQHandler
                0x1a00023c                UART2_IRQHandler
                0x1a00023c                GPIO2_IRQHandler
                0x1a00023c                I2S1_IRQHandler
                0x1a00023c                SSP1_IRQHandler
                0x1a00023c                USB0_IRQHandler
                0x1a00023c                GPIO3_IRQHandler
                0x1a00023c                SCT_IRQHandler
                0x1a00023c                WDT_IRQHandler
                0x1a00023c                GPIO7_IRQHandler
                0x1a00023c                SPIFI_IRQHandler
                0x1a00023c                QEI_IRQHandler
                0x1a00023c                ETH_IRQHandler
                0x1a00023c                M0CORE_IRQHandler
                0x1a00023c                CAN0_IRQHandler
                0x1a00023c                GINT0_IRQHandler
                0x1a00023c                DAC_IRQHandler
                0x1a00023c                M0SUB_IRQHandler
                0x1a00023c                GPIO0_IRQHandler
                0x1a00023c                DMA_IRQHandler
                0x1a00023c                EVRT_IRQHandler
                0x1a00023c                UART3_IRQHandler
                0x1a00023c                MCPWM_IRQHandler
                0x1a00023c                GINT1_IRQHandler
                0x1a00023c                GPIO4_IRQHandler
                0x000002fc                . = 0x2fc
 *fill*         0x1a000244       0xb8 ff
                0x1a0002fc                PROVIDE (__CRP_WORD_START__, .)
 *(.crp)
 .crp           0x1a0002fc        0x4 ./src/crp.o
                0x1a0002fc                CRP_WORD
                0x1a000300                PROVIDE (__CRP_WORD_END__, .)
                0x00000001                ASSERT (! ((__CRP_WORD_START__ == __CRP_WORD_END__)), Linker CRP Enabled, but no CRP_WORD provided within application)
 *(.text*)
 .text.Chip_Clock_GetDivRate
                0x1a000300       0x40 ./src/clock_18xx_43xx.o
 .text.Chip_Clock_FindBaseClock
                0x1a000340       0x88 ./src/clock_18xx_43xx.o
 .text.Chip_Clock_GetMainPLLHz
                0x1a0003c8       0xc0 ./src/clock_18xx_43xx.o
                0x1a0003c8                Chip_Clock_GetMainPLLHz
 .text.Chip_Clock_GetDividerSource
                0x1a000488       0x40 ./src/clock_18xx_43xx.o
                0x1a000488                Chip_Clock_GetDividerSource
 .text.Chip_Clock_GetDividerDivisor
                0x1a0004c8       0x38 ./src/clock_18xx_43xx.o
                0x1a0004c8                Chip_Clock_GetDividerDivisor
 .text.Chip_Clock_GetClockInputHz
                0x1a000500      0x140 ./src/clock_18xx_43xx.o
                0x1a000500                Chip_Clock_GetClockInputHz
 .text.Chip_Clock_GetBaseClocktHz
                0x1a000640       0x24 ./src/clock_18xx_43xx.o
                0x1a000640                Chip_Clock_GetBaseClocktHz
 .text.Chip_Clock_GetBaseClock
                0x1a000664       0x4c ./src/clock_18xx_43xx.o
                0x1a000664                Chip_Clock_GetBaseClock
 .text.Chip_Clock_Enable
                0x1a0006b0       0x60 ./src/clock_18xx_43xx.o
                0x1a0006b0                Chip_Clock_Enable
 .text.Chip_Clock_GetRate
                0x1a000710       0x88 ./src/clock_18xx_43xx.o
                0x1a000710                Chip_Clock_GetRate
 .text.NVIC_EnableIRQ
                0x1a000798       0x30 ./src/configuraciones.o
 .text.NVIC_ClearPendingIRQ
                0x1a0007c8       0x34 ./src/configuraciones.o
 .text.Chip_SCU_PinMuxSet
                0x1a0007fc       0x30 ./src/configuraciones.o
 .text.Chip_SCU_PinMux
                0x1a00082c       0x3c ./src/configuraciones.o
 .text.Chip_RGU_TriggerReset
                0x1a000868       0x38 ./src/configuraciones.o
 .text.Chip_RGU_InReset
                0x1a0008a0       0x40 ./src/configuraciones.o
 .text.Chip_GPIO_ClearValue
                0x1a0008e0       0x28 ./src/configuraciones.o
 .text.Chip_TIMER_Enable
                0x1a000908       0x20 ./src/configuraciones.o
 .text.Chip_TIMER_SetMatch
                0x1a000928       0x28 ./src/configuraciones.o
 .text.Chip_TIMER_MatchEnableInt
                0x1a000950       0x34 ./src/configuraciones.o
 .text.Chip_TIMER_ResetOnMatchEnable
                0x1a000984       0x34 ./src/configuraciones.o
 .text.Timer1_Config
                0x1a0009b8       0x74 ./src/configuraciones.o
                0x1a0009b8                Timer1_Config
 .text.Leds_Config
                0x1a000a2c       0x9c ./src/configuraciones.o
                0x1a000a2c                Leds_Config
 .text.Inputs_Config
                0x1a000ac8       0x58 ./src/configuraciones.o
                0x1a000ac8                Inputs_Config
 .text.ResetISR
                0x1a000b20       0xe4 ./src/cr_startup_lpc43xx.o
                0x1a000b20                ResetISR
 .text.Chip_GPIO_SetDir
                0x1a000c04       0x60 ./src/gpio_18xx_43xx.o
                0x1a000c04                Chip_GPIO_SetDir
 .text.Chip_TIMER_MatchPending
                0x1a000c64       0x34 ./src/interrupciones.o
 .text.Chip_TIMER_ClearMatch
                0x1a000c98       0x28 ./src/interrupciones.o
 .text.TIMER1_IRQHandler
                0x1a000cc0       0x2c ./src/interrupciones.o
                0x1a000cc0                TIMER1_IRQHandler
 .text.Chip_GPIO_ReadPortBit
                0x1a000cec       0x34 ./src/mis_funciones.o
 .text.Chip_GPIO_SetValue
                0x1a000d20       0x28 ./src/mis_funciones.o
 .text.Chip_GPIO_ClearValue
                0x1a000d48       0x28 ./src/mis_funciones.o
 .text.ActivarLeds
                0x1a000d70       0xe0 ./src/mis_funciones.o
                0x1a000d70                ActivarLeds
 .text.LeerSwitchs
                0x1a000e50       0x80 ./src/mis_funciones.o
                0x1a000e50                LeerSwitchs
 .text.main     0x1a000ed0       0x28 ./src/prueba2.o
                0x1a000ed0                main
 .text.Chip_TIMER_GetClockIndex
                0x1a000ef8       0x50 ./src/timer_18xx_43xx.o
 .text.Chip_TIMER_Init
                0x1a000f48       0x1c ./src/timer_18xx_43xx.o
                0x1a000f48                Chip_TIMER_Init
 .text.Chip_TIMER_Reset
                0x1a000f64       0x3c ./src/timer_18xx_43xx.o
                0x1a000f64                Chip_TIMER_Reset
 .text.__libc_init_array
                0x1a000fa0       0x50 /usr/local/lpcxpresso_8.0.0_526/lpcxpresso/tools/bin/../lib/gcc/arm-none-eabi/4.9.3/../../../../arm-none-eabi/lib/armv7e-m/softfp/libc.a(lib_a-init.o)
                0x1a000fa0                __libc_init_array
 .text          0x1a000ff0       0x5c /usr/local/lpcxpresso_8.0.0_526/lpcxpresso/tools/bin/../lib/gcc/arm-none-eabi/4.9.3/armv7e-m/softfp/crtbegin.o
 *(.rodata .rodata.* .constdata .constdata.*)
 .rodata.periph_to_base
                0x1a00104c       0x6c ./src/clock_18xx_43xx.o
 .rodata        0x1a0010b8        0xa ./src/clock_18xx_43xx.o
 *fill*         0x1a0010c2        0x2 
 .rodata.ExtRateIn
                0x1a0010c4        0x4 ./src/sysinit.o
                0x1a0010c4                ExtRateIn
 .rodata.OscRateIn
                0x1a0010c8        0x4 ./src/sysinit.o
                0x1a0010c8                OscRateIn
                0x1a0010cc                . = ALIGN (0x4)
                0x1a0010cc                . = ALIGN (0x4)
 *(.init)
 .init          0x1a0010cc        0x4 /usr/local/lpcxpresso_8.0.0_526/lpcxpresso/tools/bin/../lib/gcc/arm-none-eabi/4.9.3/armv7e-m/softfp/crti.o
                0x1a0010cc                _init
 .init          0x1a0010d0        0x8 /usr/local/lpcxpresso_8.0.0_526/lpcxpresso/tools/bin/../lib/gcc/arm-none-eabi/4.9.3/armv7e-m/softfp/crtn.o
                0x1a0010d8                . = ALIGN (0x4)
                0x1a0010d8                __preinit_array_start = .
 *(.preinit_array)
                0x1a0010d8                __preinit_array_end = .
                0x1a0010d8                . = ALIGN (0x4)
                0x1a0010d8                __init_array_start = .
 *(SORT(.init_array.*))
 *(.init_array)
 .init_array    0x1a0010d8        0x4 /usr/local/lpcxpresso_8.0.0_526/lpcxpresso/tools/bin/../lib/gcc/arm-none-eabi/4.9.3/armv7e-m/softfp/crtbegin.o
                0x1a0010dc                __init_array_end = .
 *(.fini)
 .fini          0x1a0010dc        0x4 /usr/local/lpcxpresso_8.0.0_526/lpcxpresso/tools/bin/../lib/gcc/arm-none-eabi/4.9.3/armv7e-m/softfp/crti.o
                0x1a0010dc                _fini
 .fini          0x1a0010e0        0x8 /usr/local/lpcxpresso_8.0.0_526/lpcxpresso/tools/bin/../lib/gcc/arm-none-eabi/4.9.3/armv7e-m/softfp/crtn.o
                0x1a0010e8                . = ALIGN (0x4)
 *crtbegin.o(.ctors)
 *(EXCLUDE_FILE(*crtend.o) .ctors)
 *(SORT(.ctors.*))
 *crtend.o(.ctors)
                0x1a0010e8                . = ALIGN (0x4)
 *crtbegin.o(.dtors)
 *(EXCLUDE_FILE(*crtend.o) .dtors)
 *(SORT(.dtors.*))
 *crtend.o(.dtors)
                0x1a0010e8                . = ALIGN (0x4)

.glue_7         0x1a0010e8        0x0
 .glue_7        0x00000000        0x0 linker stubs

.glue_7t        0x1a0010e8        0x0
 .glue_7t       0x00000000        0x0 linker stubs

.vfp11_veneer   0x1a0010e8        0x0
 .vfp11_veneer  0x00000000        0x0 linker stubs

.v4_bx          0x1a0010e8        0x0
 .v4_bx         0x00000000        0x0 linker stubs

.iplt           0x1a0010e8        0x0
 .iplt          0x00000000        0x0 ./src/adc_18xx_43xx.o

.rel.dyn        0x1a0010e8        0x0
 .rel.iplt      0x00000000        0x0 ./src/adc_18xx_43xx.o

.eh_frame       0x1a0010e8        0x0
 .eh_frame      0x1a0010e8        0x0 /usr/local/lpcxpresso_8.0.0_526/lpcxpresso/tools/bin/../lib/gcc/arm-none-eabi/4.9.3/armv7e-m/softfp/crtbegin.o

.ARM.extab
 *(.ARM.extab* .gnu.linkonce.armextab.*)
                0x1a0010e8                __exidx_start = .

.ARM.exidx
 *(.ARM.exidx* .gnu.linkonce.armexidx.*)
                0x1a0010e8                __exidx_end = .
                0x1a0010e8                _etext = .

.data_RAM2      0x10080000        0x0 load address 0x1a0010e8
 FILL mask 0xff
                0x10080000                PROVIDE (__start_data_RAM2, .)
 *(.ramfunc.$RAM2)
 *(.ramfunc.$RamLoc40)
 *(.data.$RAM2*)
 *(.data.$RamLoc40*)
                0x10080000                . = ALIGN (0x4)
                0x10080000                PROVIDE (__end_data_RAM2, .)

.data_RAM3      0x20000000        0x0 load address 0x1a0010e8
 FILL mask 0xff
                0x20000000                PROVIDE (__start_data_RAM3, .)
 *(.ramfunc.$RAM3)
 *(.ramfunc.$RamAHB32)
 *(.data.$RAM3*)
 *(.data.$RamAHB32*)
                0x20000000                . = ALIGN (0x4)
                0x20000000                PROVIDE (__end_data_RAM3, .)

.data_RAM4      0x20008000        0x0 load address 0x1a0010e8
 FILL mask 0xff
                0x20008000                PROVIDE (__start_data_RAM4, .)
 *(.ramfunc.$RAM4)
 *(.ramfunc.$RamAHB16)
 *(.data.$RAM4*)
 *(.data.$RamAHB16*)
                0x20008000                . = ALIGN (0x4)
                0x20008000                PROVIDE (__end_data_RAM4, .)

.data_RAM5      0x2000c000        0x0 load address 0x1a0010e8
 FILL mask 0xff
                0x2000c000                PROVIDE (__start_data_RAM5, .)
 *(.ramfunc.$RAM5)
 *(.ramfunc.$RamAHB_ETB16)
 *(.data.$RAM5*)
 *(.data.$RamAHB_ETB16*)
                0x2000c000                . = ALIGN (0x4)
                0x2000c000                PROVIDE (__end_data_RAM5, .)

.uninit_RESERVED
                0x10000000        0x0
 *(.bss.$RESERVED*)
                0x10000000                . = ALIGN (0x4)
                0x10000000                _end_uninit_RESERVED = .

.data           0x10000000        0x0 load address 0x1a0010e8
 FILL mask 0xff
                0x10000000                _data = .
 *(vtable)
 *(.ramfunc*)
 *(.data*)
                0x10000000                . = ALIGN (0x4)
                0x10000000                _edata = .

.igot.plt       0x10000000        0x0 load address 0x1a0010e8
 .igot.plt      0x00000000        0x0 ./src/adc_18xx_43xx.o

.jcr            0x10000000        0x0 load address 0x1a0010e8
 .jcr           0x10000000        0x0 /usr/local/lpcxpresso_8.0.0_526/lpcxpresso/tools/bin/../lib/gcc/arm-none-eabi/4.9.3/armv7e-m/softfp/crtbegin.o

.bss_RAM2       0x10080000        0x0
                0x10080000                PROVIDE (__start_bss_RAM2, .)
 *(.bss.$RAM2*)
 *(.bss.$RamLoc40*)
                0x10080000                . = ALIGN ((. != 0x0)?0x4:0x1)
                0x10080000                PROVIDE (__end_bss_RAM2, .)

.bss_RAM3       0x20000000        0x0
                0x20000000                PROVIDE (__start_bss_RAM3, .)
 *(.bss.$RAM3*)
 *(.bss.$RamAHB32*)
                0x20000000                . = ALIGN ((. != 0x0)?0x4:0x1)
                0x20000000                PROVIDE (__end_bss_RAM3, .)

.bss_RAM4       0x20008000        0x0
                0x20008000                PROVIDE (__start_bss_RAM4, .)
 *(.bss.$RAM4*)
 *(.bss.$RamAHB16*)
                0x20008000                . = ALIGN ((. != 0x0)?0x4:0x1)
                0x20008000                PROVIDE (__end_bss_RAM4, .)

.bss_RAM5       0x2000c000        0x0
                0x2000c000                PROVIDE (__start_bss_RAM5, .)
 *(.bss.$RAM5*)
 *(.bss.$RamAHB_ETB16*)
                0x2000c000                . = ALIGN ((. != 0x0)?0x4:0x1)
                0x2000c000                PROVIDE (__end_bss_RAM5, .)

.bss            0x10000000       0x28
                0x10000000                _bss = .
 *(.bss*)
 .bss.audio_usb_pll_freq
                0x10000000        0x8 ./src/clock_18xx_43xx.o
 .bss._ZZ4mainE1i
                0x10000008        0x4 ./src/prueba2.o
 .bss           0x1000000c       0x1c /usr/local/lpcxpresso_8.0.0_526/lpcxpresso/tools/bin/../lib/gcc/arm-none-eabi/4.9.3/armv7e-m/softfp/crtbegin.o
 *(COMMON)
                0x10000028                . = ALIGN (0x4)
                0x10000028                _ebss = .
                0x10000028                PROVIDE (end, .)

.noinit_RAM2    0x10080000        0x0
 *(.noinit.$RAM2*)
 *(.noinit.$RamLoc40*)
                0x10080000                . = ALIGN (0x4)

.noinit_RAM3    0x20000000        0x0
 *(.noinit.$RAM3*)
 *(.noinit.$RamAHB32*)
                0x20000000                . = ALIGN (0x4)

.noinit_RAM4    0x20008000        0x0
 *(.noinit.$RAM4*)
 *(.noinit.$RamAHB16*)
                0x20008000                . = ALIGN (0x4)

.noinit_RAM5    0x2000c000        0x0
 *(.noinit.$RAM5*)
 *(.noinit.$RamAHB_ETB16*)
                0x2000c000                . = ALIGN (0x4)

.noinit         0x10000028        0x0
                0x10000028                _noinit = .
 *(.noinit*)
                0x10000028                . = ALIGN (0x4)
                0x10000028                _end_noinit = .
                0x10000028                PROVIDE (_pvHeapStart, DEFINED (__user_heap_base)?__user_heap_base:.)
                0x10008000                PROVIDE (_vStackTop, DEFINED (__user_stack_top)?__user_stack_top:(__top_RamLoc32 - 0x0))
                0x53ff6ac6                PROVIDE (__valid_user_code_checksum, (0x0 - ((((((_vStackTop + (ResetISR + 0x1)) + (NMI_Handler + 0x1)) + (HardFault_Handler + 0x1)) + (DEFINED (MemManage_Handler)?MemManage_Handler:0x0 + 0x1)) + (DEFINED (BusFault_Handler)?BusFault_Handler:0x0 + 0x1)) + (DEFINED (UsageFault_Handler)?UsageFault_Handler:0x0 + 0x1))))
OUTPUT(prueba2.axf elf32-littlearm)

.debug_info     0x00000000     0x3bc2
 .debug_info    0x00000000     0x158f ./src/clock_18xx_43xx.o
 .debug_info    0x0000158f      0xd84 ./src/configuraciones.o
 .debug_info    0x00002313      0x2c7 ./src/cr_startup_lpc43xx.o
 .debug_info    0x000025da       0x3f ./src/crp.o
 .debug_info    0x00002619      0x44c ./src/gpio_18xx_43xx.o
 .debug_info    0x00002a65      0x26a ./src/interrupciones.o
 .debug_info    0x00002ccf      0x2e4 ./src/mis_funciones.o
 .debug_info    0x00002fb3      0x131 ./src/prueba2.o
 .debug_info    0x000030e4      0x5d8 ./src/sysinit.o
 .debug_info    0x000036bc      0x506 ./src/timer_18xx_43xx.o

.debug_abbrev   0x00000000      0xc4f
 .debug_abbrev  0x00000000      0x2c0 ./src/clock_18xx_43xx.o
 .debug_abbrev  0x000002c0      0x20f ./src/configuraciones.o
 .debug_abbrev  0x000004cf       0xf0 ./src/cr_startup_lpc43xx.o
 .debug_abbrev  0x000005bf       0x36 ./src/crp.o
 .debug_abbrev  0x000005f5      0x111 ./src/gpio_18xx_43xx.o
 .debug_abbrev  0x00000706      0x13b ./src/interrupciones.o
 .debug_abbrev  0x00000841      0x14b ./src/mis_funciones.o
 .debug_abbrev  0x0000098c       0x9c ./src/prueba2.o
 .debug_abbrev  0x00000a28       0xd9 ./src/sysinit.o
 .debug_abbrev  0x00000b01      0x14e ./src/timer_18xx_43xx.o

.debug_aranges  0x00000000      0x3b0
 .debug_aranges
                0x00000000      0x138 ./src/clock_18xx_43xx.o
 .debug_aranges
                0x00000138       0x88 ./src/configuraciones.o
 .debug_aranges
                0x000001c0       0x80 ./src/cr_startup_lpc43xx.o
 .debug_aranges
                0x00000240       0x18 ./src/crp.o
 .debug_aranges
                0x00000258       0x68 ./src/gpio_18xx_43xx.o
 .debug_aranges
                0x000002c0       0x30 ./src/interrupciones.o
 .debug_aranges
                0x000002f0       0x40 ./src/mis_funciones.o
 .debug_aranges
                0x00000330       0x20 ./src/prueba2.o
 .debug_aranges
                0x00000350       0x20 ./src/sysinit.o
 .debug_aranges
                0x00000370       0x40 ./src/timer_18xx_43xx.o

.debug_ranges   0x00000000      0x308
 .debug_ranges  0x00000000      0x128 ./src/clock_18xx_43xx.o
 .debug_ranges  0x00000128       0x78 ./src/configuraciones.o
 .debug_ranges  0x000001a0       0x70 ./src/cr_startup_lpc43xx.o
 .debug_ranges  0x00000210       0x58 ./src/gpio_18xx_43xx.o
 .debug_ranges  0x00000268       0x20 ./src/interrupciones.o
 .debug_ranges  0x00000288       0x30 ./src/mis_funciones.o
 .debug_ranges  0x000002b8       0x10 ./src/prueba2.o
 .debug_ranges  0x000002c8       0x10 ./src/sysinit.o
 .debug_ranges  0x000002d8       0x30 ./src/timer_18xx_43xx.o

.debug_macro    0x00000000     0x2601
 .debug_macro   0x00000000      0x2f8 ./src/clock_18xx_43xx.o
 .debug_macro   0x000002f8      0x2f8 ./src/configuraciones.o
 .debug_macro   0x000005f0       0x1d ./src/cr_startup_lpc43xx.o
 .debug_macro   0x0000060d       0x1a ./src/crp.o
 .debug_macro   0x00000627       0x34 ./src/crp.o
 .debug_macro   0x0000065b      0x2f2 ./src/gpio_18xx_43xx.o
 .debug_macro   0x0000094d      0x2f2 ./src/interrupciones.o
 .debug_macro   0x00000c3f      0x2f2 ./src/mis_funciones.o
 .debug_macro   0x00000f31      0x309 ./src/prueba2.o
 .debug_macro   0x0000123a       0x82 ./src/prueba2.o
 .debug_macro   0x000012bc       0x28 ./src/prueba2.o
 .debug_macro   0x000012e4      0xd39 ./src/prueba2.o
 .debug_macro   0x0000201d      0x2f2 ./src/sysinit.o
 .debug_macro   0x0000230f      0x2f2 ./src/timer_18xx_43xx.o

.debug_line     0x00000000     0x3da4
 .debug_line    0x00000000      0xaf5 ./src/clock_18xx_43xx.o
 .debug_line    0x00000af5      0x7ba ./src/configuraciones.o
 .debug_line    0x000012af      0x104 ./src/cr_startup_lpc43xx.o
 .debug_line    0x000013b3       0x81 ./src/crp.o
 .debug_line    0x00001434      0x74d ./src/gpio_18xx_43xx.o
 .debug_line    0x00001b81      0x6bf ./src/interrupciones.o
 .debug_line    0x00002240      0x6f5 ./src/mis_funciones.o
 .debug_line    0x00002935      0x6e3 ./src/prueba2.o
 .debug_line    0x00003018      0x695 ./src/sysinit.o
 .debug_line    0x000036ad      0x6f7 ./src/timer_18xx_43xx.o

.debug_str      0x00000000    0x1686f
 .debug_str     0x00000000    0x155c5 ./src/clock_18xx_43xx.o
                              0x15819 (size before relaxing)
 .debug_str     0x000155c5      0x5c4 ./src/configuraciones.o
                              0x151f1 (size before relaxing)
 .debug_str     0x00015b89      0x43f ./src/cr_startup_lpc43xx.o
                               0x279f (size before relaxing)
 .debug_str     0x00015fc8       0xe9 ./src/crp.o
                               0x25e9 (size before relaxing)
 .debug_str     0x000160b1      0x10e ./src/gpio_18xx_43xx.o
                              0x14698 (size before relaxing)
 .debug_str     0x000161bf       0x70 ./src/interrupciones.o
                              0x145f0 (size before relaxing)
 .debug_str     0x0001622f       0x46 ./src/mis_funciones.o
                              0x145fd (size before relaxing)
 .debug_str     0x00016275      0x4ad ./src/prueba2.o
                              0x14a5d (size before relaxing)
 .debug_str     0x00016722       0x1c ./src/sysinit.o
                              0x14fa2 (size before relaxing)
 .debug_str     0x0001673e      0x131 ./src/timer_18xx_43xx.o
                              0x14a91 (size before relaxing)

.comment        0x00000000       0x70
 .comment       0x00000000       0x70 ./src/clock_18xx_43xx.o
                                 0x71 (size before relaxing)
 .comment       0x00000000       0x71 ./src/configuraciones.o
 .comment       0x00000000       0x71 ./src/cr_startup_lpc43xx.o
 .comment       0x00000000       0x71 ./src/crp.o
 .comment       0x00000000       0x71 ./src/gpio_18xx_43xx.o
 .comment       0x00000000       0x71 ./src/interrupciones.o
 .comment       0x00000000       0x71 ./src/mis_funciones.o
 .comment       0x00000000       0x71 ./src/prueba2.o
 .comment       0x00000000       0x71 ./src/sysinit.o
 .comment       0x00000000       0x71 ./src/timer_18xx_43xx.o

.ARM.attributes
                0x00000000       0x35
 .ARM.attributes
                0x00000000       0x37 ./src/clock_18xx_43xx.o
 .ARM.attributes
                0x00000037       0x37 ./src/configuraciones.o
 .ARM.attributes
                0x0000006e       0x37 ./src/cr_startup_lpc43xx.o
 .ARM.attributes
                0x000000a5       0x37 ./src/crp.o
 .ARM.attributes
                0x000000dc       0x37 ./src/gpio_18xx_43xx.o
 .ARM.attributes
                0x00000113       0x37 ./src/interrupciones.o
 .ARM.attributes
                0x0000014a       0x37 ./src/mis_funciones.o
 .ARM.attributes
                0x00000181       0x37 ./src/prueba2.o
 .ARM.attributes
                0x000001b8       0x37 ./src/sysinit.o
 .ARM.attributes
                0x000001ef       0x37 ./src/timer_18xx_43xx.o
 .ARM.attributes
                0x00000226       0x32 /usr/local/lpcxpresso_8.0.0_526/lpcxpresso/tools/bin/../lib/gcc/arm-none-eabi/4.9.3/../../../../arm-none-eabi/lib/armv7e-m/softfp/libc.a(lib_a-init.o)
 .ARM.attributes
                0x00000258       0x22 /usr/local/lpcxpresso_8.0.0_526/lpcxpresso/tools/bin/../lib/gcc/arm-none-eabi/4.9.3/armv7e-m/softfp/crti.o
 .ARM.attributes
                0x0000027a       0x22 /usr/local/lpcxpresso_8.0.0_526/lpcxpresso/tools/bin/../lib/gcc/arm-none-eabi/4.9.3/armv7e-m/softfp/crtn.o
 .ARM.attributes
                0x0000029c       0x32 /usr/local/lpcxpresso_8.0.0_526/lpcxpresso/tools/bin/../lib/gcc/arm-none-eabi/4.9.3/armv7e-m/softfp/crtbegin.o

.debug_frame    0x00000000      0xd40
 .debug_frame   0x00000000      0x568 ./src/clock_18xx_43xx.o
 .debug_frame   0x00000568      0x224 ./src/configuraciones.o
 .debug_frame   0x0000078c      0x170 ./src/cr_startup_lpc43xx.o
 .debug_frame   0x000008fc      0x198 ./src/gpio_18xx_43xx.o
 .debug_frame   0x00000a94       0x7c ./src/interrupciones.o
 .debug_frame   0x00000b10       0xd0 ./src/mis_funciones.o
 .debug_frame   0x00000be0       0x30 ./src/prueba2.o
 .debug_frame   0x00000c10       0x34 ./src/sysinit.o
 .debug_frame   0x00000c44       0xd0 ./src/timer_18xx_43xx.o
 .debug_frame   0x00000d14       0x2c /usr/local/lpcxpresso_8.0.0_526/lpcxpresso/tools/bin/../lib/gcc/arm-none-eabi/4.9.3/../../../../arm-none-eabi/lib/armv7e-m/softfp/libc.a(lib_a-init.o)
